am hema